21:31:02 [types] Generated 101ms
21:31:02 [check] Getting diagnostics for Astro files in S:\Proyectos\01_Clientes\Mediabros\lightman-global v3...
[96mgoogle-script.js[0m:[93m238[0m:[93m29[0m - [93mwarning[0m[90m ts(6133): [0m'status' is declared but its value is never read.

[7m238[0m function jsonResponse_(obj, status = 200) {
[7m   [0m [93m                            ~~~~~~[0m

[96msrc/types.ts[0m:[93m2[0m:[93m19[0m - [91merror[0m[90m ts(2307): [0mCannot find module 'react' or its corresponding type declarations.

[7m2[0m import React from 'react';
[7m [0m [91m                  ~~~~~~~[0m

[96msrc/components/Footer.astro[0m:[93m3[0m:[93m1[0m - [93mwarning[0m[90m ts(6133): [0m'Icon' is declared but its value is never read.

[7m3[0m import { Icon } from "astro-icon/components";
[7m [0m [93m~~~~~~~~~~~~~~~~~~~~~~~~~~~~~~~~~~~~~~~~~~~~~[0m

[96msrc/components/WhatsAppButton.astro[0m:[93m3[0m:[93m1[0m - [93mwarning[0m[90m ts(6133): [0m'Icon' is declared but its value is never read.

[7m3[0m import { Icon } from "astro-icon/components";
[7m [0m [93m~~~~~~~~~~~~~~~~~~~~~~~~~~~~~~~~~~~~~~~~~~~~~[0m

Result (21 files): 
- 1 error
- 0 warnings
- 3 hints

